<?xml version="1.0" encoding="utf-8"?><testsuites><testsuite name="pytest" errors="0" failures="0" skipped="0" tests="44" time="1.306" timestamp="2024-05-29T10:24:39.354173" hostname="JustinY-802635"><testcase classname="irrd.server.whois.tests.test_query_parser.TestWhoisQueryParserRIPE" name="test_invalid_flag" time="0.046" /><testcase classname="irrd.server.whois.tests.test_query_parser.TestWhoisQueryParserRIPE" name="test_null_bytes" time="0.007" /><testcase classname="irrd.server.whois.tests.test_query_parser.TestWhoisQueryParserRIPE" name="test_keepalive" time="0.007" /><testcase classname="irrd.server.whois.tests.test_query_parser.TestWhoisQueryParserRIPE" name="test_route_search_exact" time="0.007" /><testcase classname="irrd.server.whois.tests.test_query_parser.TestWhoisQueryParserRIPE" name="test_route_search_less_specific_one_level" time="0.007" /><testcase classname="irrd.server.whois.tests.test_query_parser.TestWhoisQueryParserRIPE" name="test_route_search_less_specific" time="0.007" /><testcase classname="irrd.server.whois.tests.test_query_parser.TestWhoisQueryParserRIPE" name="test_route_search_more_specific" time="0.007" /><testcase classname="irrd.server.whois.tests.test_query_parser.TestWhoisQueryParserRIPE" name="test_route_search_invalid_parameter" time="0.007" /><testcase classname="irrd.server.whois.tests.test_query_parser.TestWhoisQueryParserRIPE" name="test_inverse_attribute_search" time="0.007" /><testcase classname="irrd.server.whois.tests.test_query_parser.TestWhoisQueryParserRIPE" name="test_sources_list" time="0.008" /><testcase classname="irrd.server.whois.tests.test_query_parser.TestWhoisQueryParserRIPE" name="test_sources_all" time="0.008" /><testcase classname="irrd.server.whois.tests.test_query_parser.TestWhoisQueryParserRIPE" name="test_restrict_object_class" time="0.008" /><testcase classname="irrd.server.whois.tests.test_query_parser.TestWhoisQueryParserRIPE" name="test_object_template" time="0.008" /><testcase classname="irrd.server.whois.tests.test_query_parser.TestWhoisQueryParserRIPE" name="test_key_fields_only" time="0.007" /><testcase classname="irrd.server.whois.tests.test_query_parser.TestWhoisQueryParserRIPE" name="test_user_agent" time="0.007" /><testcase classname="irrd.server.whois.tests.test_query_parser.TestWhoisQueryParserRIPE" name="test_nrtm_request" time="0.009" /><testcase classname="irrd.server.whois.tests.test_query_parser.TestWhoisQueryParserRIPE" name="test_nrtm_information_query" time="0.008" /><testcase classname="irrd.server.whois.tests.test_query_parser.TestWhoisQueryParserRIPE" name="test_text_search" time="0.007" /><testcase classname="irrd.server.whois.tests.test_query_parser.TestWhoisQueryParserRIPE" name="test_missing_argument" time="0.008" /><testcase classname="irrd.server.whois.tests.test_query_parser.TestWhoisQueryParserRIPE" name="test_exception_handling" time="0.014" /><testcase classname="irrd.server.whois.tests.test_query_parser.TestWhoisQueryParserIRRD" name="test_invalid_command" time="0.007" /><testcase classname="irrd.server.whois.tests.test_query_parser.TestWhoisQueryParserIRRD" name="test_parameter_required" time="0.008" /><testcase classname="irrd.server.whois.tests.test_query_parser.TestWhoisQueryParserIRRD" name="test_multiple_command_mode" time="0.007" /><testcase classname="irrd.server.whois.tests.test_query_parser.TestWhoisQueryParserIRRD" name="test_update_timeout" time="0.008" /><testcase classname="irrd.server.whois.tests.test_query_parser.TestWhoisQueryParserIRRD" name="test_routes_for_origin" time="0.007" /><testcase classname="irrd.server.whois.tests.test_query_parser.TestWhoisQueryParserIRRD" name="test_routes_for_origin_invalid" time="0.007" /><testcase classname="irrd.server.whois.tests.test_query_parser.TestWhoisQueryParserIRRD" name="test_handle_irrd_routes_for_as_set" time="0.007" /><testcase classname="irrd.server.whois.tests.test_query_parser.TestWhoisQueryParserIRRD" name="test_set_members" time="0.007" /><testcase classname="irrd.server.whois.tests.test_query_parser.TestWhoisQueryParserIRRD" name="test_database_serial_range" time="0.008" /><testcase classname="irrd.server.whois.tests.test_query_parser.TestWhoisQueryParserIRRD" name="test_database_status" time="0.008" /><testcase classname="irrd.server.whois.tests.test_query_parser.TestWhoisQueryParserIRRD" name="test_exact_key" time="0.008" /><testcase classname="irrd.server.whois.tests.test_query_parser.TestWhoisQueryParserIRRD" name="test_user_agent" time="0.007" /><testcase classname="irrd.server.whois.tests.test_query_parser.TestWhoisQueryParserIRRD" name="test_objects_maintained_by" time="0.007" /><testcase classname="irrd.server.whois.tests.test_query_parser.TestWhoisQueryParserIRRD" name="test_route_search_exact" time="0.007" /><testcase classname="irrd.server.whois.tests.test_query_parser.TestWhoisQueryParserIRRD" name="test_route_search_exact_rpki_aware" time="0.008" /><testcase classname="irrd.server.whois.tests.test_query_parser.TestWhoisQueryParserIRRD" name="test_route_search_less_specific_one_level" time="0.007" /><testcase classname="irrd.server.whois.tests.test_query_parser.TestWhoisQueryParserIRRD" name="test_route_search_less_specific" time="0.007" /><testcase classname="irrd.server.whois.tests.test_query_parser.TestWhoisQueryParserIRRD" name="test_route_search_more_specific" time="0.034" /><testcase classname="irrd.server.whois.tests.test_query_parser.TestWhoisQueryParserIRRD" name="test_route_search_invalid" time="0.007" /><testcase classname="irrd.server.whois.tests.test_query_parser.TestWhoisQueryParserIRRD" name="test_sources_list" time="0.007" /><testcase classname="irrd.server.whois.tests.test_query_parser.TestWhoisQueryParserIRRD" name="test_set_exclusion" time="0.007" /><testcase classname="irrd.server.whois.tests.test_query_parser.TestWhoisQueryParserIRRD" name="test_irrd_version" time="0.007" /><testcase classname="irrd.server.whois.tests.test_query_parser.TestWhoisQueryParserIRRD" name="test_disable_filters" time="0.008" /><testcase classname="irrd.server.whois.tests.test_query_parser.TestWhoisQueryParserIRRD" name="test_exception_handling" time="0.008" /></testsuite></testsuites>